// Jest Snapshot v1, https://goo.gl/fbAQLP

exports[`AboutInsurance Component renders component correctly 1`] = `
<div
  class="flex flex-col gap-4"
>
  <p
    class="text-xl md:text-2xl text-gray-800 pt-4 mb-2 font-light"
    data-testid="about-insurance-sub-title"
  >
    components.about-insurance.sub-title
  </p>
  <section
    class="flex flex-col gap-4"
  >
    <h2
      class="text-2xl md:text-4xl text-gray-800 font-bold"
      data-testid="components-about-insurance-title-0"
    >
      mock-title
    </h2>
    <p
      class="mb-2"
      data-testid="paragraph"
    >
      mock-content
    </p>
    <div
      class="flex items-center"
      data-testid="list-element"
    >
      <ul
        class="marker:mr-2 marker:pr-2 space-y-2 marker:leading-snug list-disc marker:text-blue-700 mb-3 ml-8"
        data-testid="about-insurance-list-0"
        start="-1"
      >
        <li>
          <p
            class="mb-4"
            data-testid="paragraph"
          >
            mock-item
          </p>
        </li>
        <li>
          <p
            class="mb-4"
            data-testid="paragraph"
          >
            mock-item
          </p>
        </li>
      </ul>
    </div>
    <p
      class="mb-4"
      data-testid="components-about-insurance-footer-0"
    >
      mock-footer
    </p>
  </section>
  <div
    class="t-urgent-callout border-8 rounded-bl-3xl py-10 pl-6 pr-8 sm:p-10 flex border-teal-400 text-3xl font-semibold md:text-4xl md:max-w-4xl mb-9"
    data-testid="urgent-callout"
  >
    <div
      class="flex gap-4 sm:gap-6"
    >
      <div
        class="text-pink-800"
      >
        <svgr-mock
          classname=""
        />
      </div>
      <div>
        <p
          class="mb-4"
          data-testid="paragraph"
        >
          components.about-insurance.callout
        </p>
      </div>
    </div>
  </div>
  <p
    class="mb-4"
    data-testid="paragraph"
  >
    components.about-insurance.footer.content
  </p>
</div>
`;
