// Jest Snapshot v1, https://goo.gl/fbAQLP

exports[`PensionDetailStatePensionAccordion should render when group is GREEN and pension type is SP 1`] = `
<div>
  <details
    class="group border-t-1 border-b-1 mb-[-1px] border-slate-400 tool-expand"
    data-testid="expandable-section"
  >
    <summary
      class="text-magenta-500 flex [&::-webkit-details-marker]:hidden cursor-pointer py-2 outline-none focus:shadow-expander-focus text-[18px] hover:underline font-semibold justify-start"
    >
      <svgr-mock
        classname="group-open:rotate-[-180deg] text-magenta-500 shrink-0 w-5 mr-2"
      />
      <div
        class="block"
        data-testid="summary-block-title"
      >
        pages.pension-details.information.about.title
      </div>
    </summary>
    <div
      class="mb-4 text-gray-800 text-base leading-[28px] tracking-[0.18px] pt-2"
    >
      <p
        class="mb-4"
        data-testid="paragraph"
      >
        pages.pension-details.information.about.sp-description
      </p>
    </div>
  </details>
</div>
`;
