// Jest Snapshot v1, https://goo.gl/fbAQLP

exports[`Enquiry Component renders the component with title and form 1`] = `
<form
  action="/api/form-handler"
  aria-label="Contact form for Step: mock-step"
  class="pt-4"
  method="POST"
  novalidate=""
>
  <input
    name="lang"
    type="hidden"
    value=""
  />
  <div
    class=""
    data-testid="errors"
  >
    <p
      class="mb-4"
      data-testid="paragraph"
    >
      components.enquiry.form.text-area.undefined.label
    </p>
    <textarea
      aria-invalid="false"
      aria-required="true"
      class="obfuscate px-3 m-px w-full rounded border resize focus:outline-none focus:shadow-focus-outline tool-field min-h-[312px] focus:border-1 focus:border-blue-700 border-gray-400"
      id="text-area"
      maxlength="4000"
      minlength="50"
      name="text-area"
    />
    <p
      aria-live="polite"
      class="text-base text-gray-400"
    >
      You have 4,000 characters remaining.
    </p>
  </div>
  <button
    class="border-0 text-white bg-magenta-500 hover:bg-pink-800 active:bg-pink-900 active:outline-yellow-400 active:text-white t-button relative px-3 py-2 font-semibold rounded outline-none shadow-bottom-gray inline-flex items-center justify-between gap-2 cursor-pointer disabled:cursor-not-allowed disabled:border-slate-400 disabled:border disabled:bg-transparent disabled:text-gray-400 disabled:shadow-none focus:bg-yellow-400 focus:outline-blue-700 focus:outline-[3px] focus:outline-offset-0 focus:text-gray-800 focus:shadow-none focus:before:content-[""] focus:before:w-[calc(100%+6px)] focus:before:rounded-[0.45rem] focus:before:absolute focus:before:inset-0 focus:before:inset-x-[-3px] focus:before:inset-y-[-3px] focus:before:shadow-bottom-gray active:outline-[3px] active:outline-offset-0 active:shadow-inset active:before:content-[""] active:before:w-[calc(100%+6px)] active:before:rounded-[0.45rem] active:before:absolute active:before:inset-0 active:before:inset-x-[-3px] active:before:inset-y-[-3px] active:before:shadow-bottom-white t-primary-button w-full mt-10 mb-4 md:w-auto"
    data-testid="continue-button"
    type="submit"
  >
    <span />
    common.form.button.continue-text
    <span />
  </button>
</form>
`;

exports[`Enquiry Component renders with errors 1`] = `
<form
  action="/api/form-handler"
  aria-label="Contact form for Step: mock-step"
  class="pt-4"
  method="POST"
  novalidate=""
>
  <input
    name="lang"
    type="hidden"
    value=""
  />
  <div
    class="border-0 border-l-4 pl-5 border-red-600 border-solid"
    data-testid="errors"
  >
    <p
      class="mb-4"
      data-testid="paragraph"
    >
      components.enquiry.form.text-area.undefined.label
    </p>
    <p
      class="mb-4 text-red-700"
      data-testid="text-area-error"
      id="text-area-error"
    >
      components.enquiry.form.text-area.error
    </p>
    <textarea
      aria-errormessage="text-area-error"
      aria-invalid="true"
      aria-required="true"
      class="obfuscate px-3 m-px w-full rounded resize focus:outline-none focus:shadow-focus-outline tool-field min-h-[312px] focus:border-1 focus:border-blue-700 border-red-700 border-2"
      id="text-area"
      maxlength="4000"
      minlength="50"
      name="text-area"
    />
    <p
      aria-live="polite"
      class="text-base text-gray-400"
    >
      You have 4,000 characters remaining.
    </p>
  </div>
  <button
    class="border-0 text-white bg-magenta-500 hover:bg-pink-800 active:bg-pink-900 active:outline-yellow-400 active:text-white t-button relative px-3 py-2 font-semibold rounded outline-none shadow-bottom-gray inline-flex items-center justify-between gap-2 cursor-pointer disabled:cursor-not-allowed disabled:border-slate-400 disabled:border disabled:bg-transparent disabled:text-gray-400 disabled:shadow-none focus:bg-yellow-400 focus:outline-blue-700 focus:outline-[3px] focus:outline-offset-0 focus:text-gray-800 focus:shadow-none focus:before:content-[""] focus:before:w-[calc(100%+6px)] focus:before:rounded-[0.45rem] focus:before:absolute focus:before:inset-0 focus:before:inset-x-[-3px] focus:before:inset-y-[-3px] focus:before:shadow-bottom-gray active:outline-[3px] active:outline-offset-0 active:shadow-inset active:before:content-[""] active:before:w-[calc(100%+6px)] active:before:rounded-[0.45rem] active:before:absolute active:before:inset-0 active:before:inset-x-[-3px] active:before:inset-y-[-3px] active:before:shadow-bottom-white t-primary-button w-full mt-10 mb-4 md:w-auto"
    data-testid="continue-button"
    type="submit"
  >
    <span />
    common.form.button.continue-text
    <span />
  </button>
</form>
`;
