// Jest Snapshot v1, https://goo.gl/fbAQLP

exports[`PensionDetailMoreInfo renders correctly 1`] = `<div />`;
