// Jest Snapshot v1, https://goo.gl/fbAQLP

exports[`NestedNavigation component renders nested nav correctly 1`] = `
<div>
  <nav
    class="bg-white min-w-[300px] lg:max-w-[300px] lg:sticky lg:top-4 lg:overflow-y-auto"
  >
    <div
      class="lg:border-1 lg:border-slate-400 lg:border-r-r lg:rounded-bl-[24px] pb-4 lg:pb-0 mb-8"
    >
      <ul>
        <li>
          <a
            class="gap-2 focus:text-gray-800 focus-within:outline-0 focus:no-underline cursor-pointer active:text-gray-800 active:underline active:bg-transparent active:shadow-none text-sm text-magenta-700 visited:text-magenta-700 px-4 lg:px-6 py-3 flex items-center after:content-[""] after:absolute after:bottom-[-1px] after:left-4 after:right-4 lg:after:left-6 lg:after:right-6 after:h-[1px] after:bg-slate-400 no-underline hover:underline hover:bg-gray-300 focus:bg-yellow-200 relative focus:shadow-transparent z-1"
            href="/en/use-the-sfs"
          >
            <span
              class="max-w-[90%]"
            >
              Use the SFS
            </span>
            <chevron.svg
              class="ml-auto"
            />
          </a>
        </li>
      </ul>
      <h5
        class="text-lg md:text-xl text-gray-800 font-bold pt-6 pb-3 mx-5 border-b-1 border-b-slate-400"
      >
        Spending Guidelines
      </h5>
      <ul>
        <li>
          <a
            class="gap-2 focus:text-gray-800 focus-within:outline-0 focus:no-underline cursor-pointer active:text-gray-800 active:underline active:bg-transparent active:shadow-none text-sm text-magenta-700 visited:text-magenta-700 px-4 lg:px-6 py-3 flex items-center after:content-[""] after:absolute after:bottom-[-1px] after:left-4 after:right-4 lg:after:left-6 lg:after:right-6 after:h-[1px] after:bg-slate-400 no-underline hover:underline hover:bg-gray-300 focus:bg-yellow-200 relative focus:shadow-transparent z-1"
            href="/en/use-the-sfs/spending-guidelines"
          >
            <span
              class="max-w-[90%]"
            >
              Spending Guidelines 2024/25
            </span>
            <chevron.svg
              class="ml-auto"
            />
          </a>
        </li>
        <li>
          <a
            class="gap-2 focus:text-gray-800 focus-within:outline-0 focus:no-underline cursor-pointer active:text-gray-800 active:underline active:bg-transparent active:shadow-none text-sm text-magenta-700 visited:text-magenta-700 px-4 lg:px-6 py-3 flex items-center after:absolute after:bottom-[-1px] after:left-4 after:right-4 lg:after:left-6 lg:after:right-6 after:h-[1px] after:bg-slate-400 no-underline hover:underline hover:bg-gray-300 focus:bg-yellow-200 relative focus:shadow-transparent z-1 lg:rounded-bl-[23px] after:content-none"
            href="/en/use-the-sfs/commentary-for"
          >
            <span
              class="max-w-[90%]"
            >
              Commentary for 2024/25
            </span>
            <chevron.svg
              class="ml-auto"
            />
          </a>
        </li>
      </ul>
    </div>
  </nav>
</div>
`;
