// Jest Snapshot v1, https://goo.gl/fbAQLP

exports[`SectionsRenderer matches snapshot for all sections 1`] = `
<div>
  <section
    class="flex flex-col gap-4"
  >
    <h2
      class="text-2xl md:text-4xl text-gray-800 font-bold"
      data-testid="components-test-prefix-title-0"
    >
      mock-title
    </h2>
    <p
      class="mb-2"
      data-testid="paragraph"
    >
      mock-content
    </p>
    <div
      class="flex items-center"
      data-testid="list-element"
    >
      <ul
        class="marker:mr-2 marker:pr-2 space-y-2 marker:leading-snug list-disc marker:text-blue-700 mb-3 ml-8"
        data-testid="test-prefix-list-0"
        start="-1"
      >
        <li>
          <p
            class="mb-4"
            data-testid="paragraph"
          >
            mock-item
          </p>
        </li>
      </ul>
    </div>
    <p
      class="mb-4"
      data-testid="components-test-prefix-footer-0"
    >
      mock-footer
    </p>
  </section>
  <section
    class="flex flex-col gap-4"
  >
    <h2
      class="text-2xl md:text-4xl text-gray-800 font-bold"
      data-testid="components-test-prefix-title-1"
    >
      mock-title
    </h2>
    <p
      class="mb-2"
      data-testid="paragraph"
    >
      mock-content
    </p>
    <div
      class="flex items-center"
      data-testid="list-element"
    >
      <ul
        class="marker:mr-2 marker:pr-2 space-y-2 marker:leading-snug list-disc marker:text-blue-700 mb-3 ml-8"
        data-testid="test-prefix-list-1"
        start="-1"
      >
        <li>
          <p
            class="mb-4"
            data-testid="paragraph"
          >
            mock-item
          </p>
        </li>
        <li>
          <p
            class="mb-4"
            data-testid="paragraph"
          >
            mock-item
          </p>
        </li>
        <li>
          <p
            class="mb-4"
            data-testid="paragraph"
          >
            mock-item
          </p>
        </li>
      </ul>
    </div>
  </section>
  <section
    class="flex flex-col gap-4"
  >
    <p
      class="mb-2"
      data-testid="paragraph"
    >
      mock-content
    </p>
  </section>
</div>
`;
