// Jest Snapshot v1, https://goo.gl/fbAQLP

exports[`ProgressBarCurrency renders correctly 1`] = `
<div>
  <p
    class="mb-4 text-base font-bold text-blue-700 md:mb-2"
    data-testid="progress-bar-currency"
  >
    Â£123.45 a month
  </p>
  <div
    aria-hidden="true"
    class="overflow-hidden h-9 md:h-12 bg-blue-700/20"
  >
    <div
      class="h-full bg-blue-700"
      style="width: 12.345%;"
    />
  </div>
</div>
`;
