// Jest Snapshot v1, https://goo.gl/fbAQLP

exports[`MoneyInput component renders correctly 1`] = `
<div
  class="flex"
>
  <span
    aria-hidden="true"
    class="bg-gray-100 py-2 px-3 rounded-l border-gray-400 border border-solid"
  >
    Â£
  </span>
  <input
    class="border-gray-400 rounded-r rounded-l-none tool-field w-full border pl-2 ml-0 h-auto focus:outline-purple-700 focus:shadow-focus-outline"
    data-testid="number-input"
    id="test-id"
    inputmode="numeric"
    name="test-name"
    type="text"
    value=""
  />
</div>
`;
