// Jest Snapshot v1, https://goo.gl/fbAQLP

exports[`Guidance Component renders component correctly 1`] = `
<div
  class="mt-20"
>
  <h1
    class="text-4xl md:text-6xl font-bold mb-4 text-blue-800"
    data-testid="guidance-title"
  >
    components.guidance.title
  </h1>
  <p
    class="text-3xl font-light text-gray-800 mb-9"
    data-testid="guidance-intro"
  >
    components.guidance.intro
  </p>
  <p
    class="mb-4 text-gray-800"
    data-testid="paragraph"
  >
    components.guidance.content
  </p>
  <a
    class="border-0 text-white bg-pink-600 hover:bg-pink-800 hover:shadow-none active:bg-pink-900 active:outline-yellow-200 active:text-white t-button px-3 py-2 font-semibold rounded outline-none shadow-bottom-gray inline-flex items-center justify-between gap-2 cursor-pointer disabled:cursor-not-allowed disabled:border-slate-400 disabled:border disabled:bg-transparent disabled:text-gray-500 disabled:shadow-none focus:bg-yellow-200 focus:outline-purple-700 focus:outline-[3px] focus:outline-offset-0 focus:text-gray-800 focus:shadow-none active:shadow-none active:outline-[3px] active:outline-offset-0 t-primary-button"
    data-testid="back-button"
    href="enquiry-type"
    type="button"
  >
    <span />
    common.continue
    <span />
  </a>
</div>
`;
