// Jest Snapshot v1, https://goo.gl/fbAQLP

exports[`EllipsisMenu component matches snapshot 1`] = `
<div>
  <div
    class="relative"
  >
    <button
      class="border border-magenta-500 bg-white hover:border-pink-800 hover:text-pink-800 focus:border-transparent active:text-slate-900 active:outline-blue-700 active:bg-gray-50 active:px-[13px] active:py-[9px] active:border-none t-button relative px-3 py-2 outline-none shadow-bottom-gray items-center gap-2 cursor-pointer disabled:cursor-not-allowed disabled:border-slate-400 disabled:border disabled:bg-transparent disabled:text-gray-400 disabled:shadow-none focus:bg-yellow-400 focus:outline-blue-700 focus:outline-[3px] focus:outline-offset-0 focus:text-gray-800 focus:shadow-none focus:before:content-[""] focus:before:w-[calc(100%+6px)] focus:before:rounded-[0.45rem] focus:before:absolute focus:before:inset-0 focus:before:inset-x-[-3px] focus:before:inset-y-[-3px] focus:before:shadow-bottom-gray active:outline-[3px] active:outline-offset-0 active:shadow-inset active:before:content-[""] active:before:w-[calc(100%+6px)] active:before:rounded-[0.45rem] active:before:absolute active:before:inset-0 active:before:inset-x-[-3px] active:before:inset-y-[-3px] active:before:shadow-bottom-white t-secondary-button flex justify-center h-10 w-10 text-xl font-bold hover:bg-gray-100 rounded text-gray-400"
      data-testid="ellipsis-menu"
      target="_blank"
      type="submit"
    >
      <span />
      <span
        class="-mt-2"
      >
        ...
      </span>
      <span />
    </button>
    <div
      data-testid="modal-dialog"
    >
      <h2
        class="text-3xl md:text-5xl font-bold mb-6 text-blue-700"
        data-testid="modal-heading"
      >
        Are you sure you want to delete this organisation?
      </h2>
      <p
        class="mb-4 text-xl"
        data-testid="modal-content"
      >
         Please confirm whether you would like to delete this organisation. You cannot undo this action.
      </p>
      <div
        class="flex gap-4"
      >
        <button
          class="border-0 text-white active:bg-pink-900 active:outline-yellow-400 active:text-white t-button relative px-3 py-2 font-semibold rounded outline-none shadow-bottom-gray inline-flex items-center justify-between gap-2 cursor-pointer disabled:cursor-not-allowed disabled:border-slate-400 disabled:border disabled:bg-transparent disabled:text-gray-400 disabled:shadow-none focus:bg-yellow-400 focus:outline-blue-700 focus:outline-[3px] focus:outline-offset-0 focus:text-gray-800 focus:shadow-none focus:before:content-[""] focus:before:w-[calc(100%+6px)] focus:before:rounded-[0.45rem] focus:before:absolute focus:before:inset-0 focus:before:inset-x-[-3px] focus:before:inset-y-[-3px] focus:before:shadow-bottom-gray active:outline-[3px] active:outline-offset-0 active:shadow-inset active:before:content-[""] active:before:w-[calc(100%+6px)] active:before:rounded-[0.45rem] active:before:absolute active:before:inset-0 active:before:inset-x-[-3px] active:before:inset-y-[-3px] active:before:shadow-bottom-white t-primary-button bg-red-600 hover:bg-red-700"
          data-testid="modal-primary-button"
          type="submit"
        >
          <span />
          Yes, DELETE this organisation
          <span />
        </button>
        <button
          class="border border-magenta-500 text-magenta-500 bg-white hover:border-pink-800 hover:text-pink-800 hover:bg-gray-50 focus:border-transparent active:text-slate-900 active:outline-blue-700 active:bg-gray-50 active:px-[13px] active:py-[9px] active:border-none t-button relative px-3 py-2 font-semibold rounded outline-none shadow-bottom-gray inline-flex items-center justify-between gap-2 cursor-pointer disabled:cursor-not-allowed disabled:border-slate-400 disabled:border disabled:bg-transparent disabled:text-gray-400 disabled:shadow-none focus:bg-yellow-400 focus:outline-blue-700 focus:outline-[3px] focus:outline-offset-0 focus:text-gray-800 focus:shadow-none focus:before:content-[""] focus:before:w-[calc(100%+6px)] focus:before:rounded-[0.45rem] focus:before:absolute focus:before:inset-0 focus:before:inset-x-[-3px] focus:before:inset-y-[-3px] focus:before:shadow-bottom-gray active:outline-[3px] active:outline-offset-0 active:shadow-inset active:before:content-[""] active:before:w-[calc(100%+6px)] active:before:rounded-[0.45rem] active:before:absolute active:before:inset-0 active:before:inset-x-[-3px] active:before:inset-y-[-3px] active:before:shadow-bottom-white t-secondary-button"
          data-testid="modal-secondary-button"
          type="submit"
        >
          <span />
          Cancel
          <span />
        </button>
      </div>
    </div>
  </div>
</div>
`;
