// Jest Snapshot v1, https://goo.gl/fbAQLP

exports[`RichTextWrapper renders the children with class 1`] = `
<div>
  <div
    class="[&_ul]:mb-[1rem] [&_ul>li]:pl-[0.5rem] [&_ul>li]:ml-[0.5rem] [&_ul>li::marker]:text-[0.6em] [&_ol]:mb-[1rem] [&_ol>li]:ml-[0.5rem] [&_ol>li]:pl-[0.5rem] [&_ol]:list-decimal [&_h2]:text-3xl [&_h2]:lg:text-5xl [&_h2]:line-height-[1.5] [&_h3]:lg:text-4xl [&_h3]:line-height-[1.5] mt-8 lg:mt-12 [&_ul>li]:pb-[16px] [&_a]:text-magenta-700 [&_a]:font-bold [&_a]:visited:text-magenta-700 [&_details]:!border-t-1 [&_details]:!border-slate-400 [&_details>a]:!text-slate-400 [&_details>summary>div]:!text-slate-600 [&_details>summary>summary]:!no-underline [&_details>summary>svg]:!text-slate-600 [&_details>summary]:!text-slate-600 [&_table>tbody>tr>th]:py-2 [&_table>tbody>tr>th]:px-4 [&_table>tbody>tr>td]:py-2 [&_table>tbody>tr>td]:px-4 [&_table>tbody>tr>th]:w-auto [&_table>tbody>tr>td]:w-auto [&_table>tbody>tr>th]:break-words [&_table>tbody>tr>td]:break-words [&_table]:border-1 [&_table]:border-slate-400 [&_table]:tr:border-1 [&_table]:w-full [&_table]:md:table-fixed [&_table>tbody>tr]:border-b-1 [&_table>tbody>tr]:border-b-slate-400 [&_table>tbody>tr>th]:bg-blue-600 [&_table>tbody>tr>th]:text-white [&_table>tbody>tr>th]:text-left [&_table>tbody>tr>th]:border-r-1 [&_table>tbody>tr>th]:border-r-slate-400 [&_table>tbody>tr>td]:border-r-1 [&_table>tbody>tr>td]:border-r-slate-400 [&_table>tbody>tr:nth-child(even)]:bg-gray-300 className"
    data-testid="rich-text"
  >
     Test Content
  </div>
</div>
`;

exports[`RichTextWrapper renders the component 1`] = `
<div>
  <div
    class="[&_ul]:mb-[1rem] [&_ul>li]:pl-[0.5rem] [&_ul>li]:ml-[0.5rem] [&_ul>li::marker]:text-[0.6em] [&_ol]:mb-[1rem] [&_ol>li]:ml-[0.5rem] [&_ol>li]:pl-[0.5rem] [&_ol]:list-decimal [&_h2]:text-3xl [&_h2]:lg:text-5xl [&_h2]:line-height-[1.5] [&_h3]:lg:text-4xl [&_h3]:line-height-[1.5] mt-8 lg:mt-12 [&_ul>li]:pb-[16px] [&_a]:text-magenta-700 [&_a]:font-bold [&_a]:visited:text-magenta-700 [&_details]:!border-t-1 [&_details]:!border-slate-400 [&_details>a]:!text-slate-400 [&_details>summary>div]:!text-slate-600 [&_details>summary>summary]:!no-underline [&_details>summary>svg]:!text-slate-600 [&_details>summary]:!text-slate-600 [&_table>tbody>tr>th]:py-2 [&_table>tbody>tr>th]:px-4 [&_table>tbody>tr>td]:py-2 [&_table>tbody>tr>td]:px-4 [&_table>tbody>tr>th]:w-auto [&_table>tbody>tr>td]:w-auto [&_table>tbody>tr>th]:break-words [&_table>tbody>tr>td]:break-words [&_table]:border-1 [&_table]:border-slate-400 [&_table]:tr:border-1 [&_table]:w-full [&_table]:md:table-fixed [&_table>tbody>tr]:border-b-1 [&_table>tbody>tr]:border-b-slate-400 [&_table>tbody>tr>th]:bg-blue-600 [&_table>tbody>tr>th]:text-white [&_table>tbody>tr>th]:text-left [&_table>tbody>tr>th]:border-r-1 [&_table>tbody>tr>th]:border-r-slate-400 [&_table>tbody>tr>td]:border-r-1 [&_table>tbody>tr>td]:border-r-slate-400 [&_table>tbody>tr:nth-child(even)]:bg-gray-300"
    data-testid="rich-text"
  >
    Test Content
  </div>
</div>
`;
