// Jest Snapshot v1, https://goo.gl/fbAQLP

exports[`AboutPensionDivorce Component renders component correctly 1`] = `
<div
  class="flex flex-col gap-4"
>
  <p
    class="text-xl md:text-2xl text-gray-800 pt-4 mb-2 font-light"
    data-testid="about-pension-divorce-sub-title"
  >
    components.about-pension-divorce.sub-title
  </p>
  <section
    class="flex flex-col gap-4"
  >
    <h2
      class="text-2xl md:text-4xl text-gray-800 font-bold"
      data-testid="components-about-pension-divorce-title-0"
    >
      mock-title
    </h2>
    <p
      class="mb-2"
      data-testid="paragraph"
    >
      mock-content
    </p>
    <div
      class="flex items-center"
      data-testid="list-element"
    >
      <ul
        class="marker:mr-2 marker:pr-2 space-y-2 marker:leading-snug list-disc marker:text-blue-700 mb-3 ml-8"
        data-testid="about-pension-divorce-list-0"
        start="-1"
      >
        <li>
          <p
            class="mb-4"
            data-testid="paragraph"
          >
            mock-item
          </p>
        </li>
        <li>
          <p
            class="mb-4"
            data-testid="paragraph"
          >
            mock-item
          </p>
        </li>
      </ul>
    </div>
    <p
      class="mb-4"
      data-testid="components-about-pension-divorce-footer-0"
    >
      mock-footer
    </p>
  </section>
  <form
    action="/api/form-handler"
    aria-label="Contact form for Step: mock-step"
    method="POST"
    novalidate=""
  >
    <input
      name="lang"
      type="hidden"
      value=""
    />
    <button
      class="border-0 text-white bg-magenta-500 hover:bg-pink-800 active:bg-pink-900 active:outline-yellow-400 active:text-white t-button relative px-3 py-2 font-semibold rounded outline-none shadow-bottom-gray inline-flex items-center justify-between gap-2 cursor-pointer disabled:cursor-not-allowed disabled:border-slate-400 disabled:border disabled:bg-transparent disabled:text-gray-400 disabled:shadow-none focus:bg-yellow-400 focus:outline-blue-700 focus:outline-[3px] focus:outline-offset-0 focus:text-gray-800 focus:shadow-none focus:before:content-[""] focus:before:w-[calc(100%+6px)] focus:before:rounded-[0.45rem] focus:before:absolute focus:before:inset-0 focus:before:inset-x-[-3px] focus:before:inset-y-[-3px] focus:before:shadow-bottom-gray active:outline-[3px] active:outline-offset-0 active:shadow-inset active:before:content-[""] active:before:w-[calc(100%+6px)] active:before:rounded-[0.45rem] active:before:absolute active:before:inset-0 active:before:inset-x-[-3px] active:before:inset-y-[-3px] active:before:shadow-bottom-white t-primary-button w-full mt-10 mb-4 md:w-auto"
      data-testid="continue-button"
      type="submit"
    >
      <span />
      common.form.button.continue-text
      <span />
    </button>
  </form>
</div>
`;
