// Jest Snapshot v1, https://goo.gl/fbAQLP

exports[`AnalyticsWrapper renders children inside Analytics 1`] = `
<div>
  <div>
    Test Child
  </div>
</div>
`;
