// Jest Snapshot v1, https://goo.gl/fbAQLP

exports[`Link component renders link correctly  1`] = `
<a
  class="inline-flex items-center gap-2 text-magenta-500 visited:text-purple-700 focus:text-gray-800 focus:bg-yellow-400 focus:shadow-link-focus focus-within:outline-none underline hover:no-underline focus:no-underline cursor-pointer active:text-gray-800 active:underline active:bg-transparent active:shadow-none"
  data-testid="link"
  href="www.test.com"
>
  This is a link
</a>
`;

exports[`Link component renders link correctly as button 1`] = `
<a
  class="border-0 text-white bg-magenta-500 hover:bg-pink-800 active:bg-pink-900 active:outline-yellow-400 active:text-white t-button relative px-3 py-2 font-semibold rounded outline-none shadow-bottom-gray inline-flex items-center justify-between gap-2 cursor-pointer disabled:cursor-not-allowed disabled:border-slate-400 disabled:border disabled:bg-transparent disabled:text-gray-400 disabled:shadow-none focus:bg-yellow-400 focus:outline-blue-700 focus:outline-[3px] focus:outline-offset-0 focus:text-gray-800 focus:shadow-none focus:before:content-[""] focus:before:w-[calc(100%+6px)] focus:before:rounded-[0.45rem] focus:before:absolute focus:before:inset-0 focus:before:inset-x-[-3px] focus:before:inset-y-[-3px] focus:before:shadow-bottom-gray active:outline-[3px] active:outline-offset-0 active:shadow-inset active:before:content-[""] active:before:w-[calc(100%+6px)] active:before:rounded-[0.45rem] active:before:absolute active:before:inset-0 active:before:inset-x-[-3px] active:before:inset-y-[-3px] active:before:shadow-bottom-white"
  data-testid="link"
  href="www.test.com"
>
  This is a link
</a>
`;

exports[`Link component renders link correctly with inline text 1`] = `
<a
  class="inline items-center gap-2 text-magenta-500 visited:text-purple-700 focus:text-gray-800 focus:bg-yellow-400 focus:shadow-link-focus focus-within:outline-none underline hover:no-underline focus:no-underline cursor-pointer active:text-gray-800 active:underline active:bg-transparent active:shadow-none"
  data-testid="link"
  href="www.test.com"
>
  This is a link
</a>
`;

exports[`Link component renders link correctly with white text  1`] = `
<a
  class="inline-flex items-center gap-2 focus-within:outline-none text-white no-underline hover:text-pink-400 visited:text-white focus:text-gray-800 focus:bg-yellow-400 focus:shadow-link-focus focus-within:outline-0 hover:underline focus:no-underline cursor-pointer active:text-gray-800 active:underline active:bg-transparent active:shadow-none"
  data-testid="link"
  href="www.test.com"
>
  This is a link
</a>
`;
